NAME                SERVICES            ORCHESTRATOR
stackname           0                   swarm
