ID                  NAME                MODE                REPLICAS            IMAGE               PORTS
id                  svc1_svc1                               1/1                                     
